
> gobilive_backend@1.0.0 build
> tsc --project tsconfig.json

